Virtual User Script started at : 2024-04-17 17:49:11
TruClient Replay (build 0067) for LoadRunner Professional 2024.3.0, build 0067. OS: Windows 11, Browser: Chrome 124.0.6367.61, initialized on 2024/04/17 at 17:49:11 (1713347351.015s)

t=00001224ms: Action Init started.    [MsgId: MMSG-205180]
t=00001227ms: Action Init ended.    [MsgId: MMSG-205180]
Running Vuser...
Starting iteration 1.
t=00001230ms: Action Init started.    [MsgId: MMSG-205180]
t=00001230ms: Action Init ended.    [MsgId: MMSG-205180]
t=00001249ms: Action Action started.    [MsgId: MMSG-205180]
Notify: Transaction "Transaction 1" started.
t=00001257ms: Step 1: Navigate to http://opentext.com/ started.    [MsgId: MMSG-205180]
t=00001592ms: Warning -205179: Failed to generate snapshot. Error: Failed to generate snapshot for Step 1. Protocol error (Page.captureScreenshot): Target closed    [MsgId: MWAR-205179]
Ending iteration 1.
Ending Vuser...
t=00001708ms: Action End started.    [MsgId: MMSG-205180]
t=00001710ms: Action End ended.    [MsgId: MMSG-205180]
Error: Vuser started transaction "Transaction 1", but did not reach a corresponding end transaction statement. The transaction ended automatically with status 'fail'.
Notify: Transaction "Transaction 1" ended with a "Fail" status (Duration: 0.4797).
Notify: Transaction "Transaction 1" has 0 error message(s).
Vuser Terminated.
